......................................................................   [100%]
=============================== warnings summary ===============================
app/database.py:27
  /usr/src/app/app/database.py:27: MovedIn20Warning: The ``declarative_base()`` function is now available as sqlalchemy.orm.declarative_base(). (deprecated since: 2.0) (Background on SQLAlchemy 2.0 at: https://sqlalche.me/e/b8d9)
    Base = declarative_base()

../../local/lib/python3.11/site-packages/passlib/utils/__init__.py:854
  /usr/local/lib/python3.11/site-packages/passlib/utils/__init__.py:854: DeprecationWarning: 'crypt' is deprecated and slated for removal in Python 3.13
    from crypt import crypt as _crypt

-- Docs: https://docs.pytest.org/en/stable/how-to/capture-warnings.html
70 passed, 1 deselected, 2 warnings in 11.55s
